Building docker image started.
2026-Apr-05 12:42:19.118694
To check the current progress, click on Show Debug Logs.
2026-Apr-05 12:43:15.220000
========================================
2026-Apr-05 12:43:15.229685
Deployment failed: Command execution failed (exit code 1): docker exec q0g8g8swo4804okgw08c40gg bash -c 'bash /artifacts/build.sh'
2026-Apr-05 12:43:15.229685
Error: #0 building with "default" instance using docker driver
2026-Apr-05 12:43:15.229685
2026-Apr-05 12:43:15.229685
#1 [internal] load build definition from Dockerfile
2026-Apr-05 12:43:15.229685
#1 transferring dockerfile: 4.29kB done
2026-Apr-05 12:43:15.229685
#1 DONE 0.0s
2026-Apr-05 12:43:15.229685
2026-Apr-05 12:43:15.229685
#2 [internal] load metadata for docker.io/library/node:22-alpine
2026-Apr-05 12:43:15.229685
#2 DONE 0.9s
2026-Apr-05 12:43:15.229685
2026-Apr-05 12:43:15.229685
#3 [internal] load .dockerignore
2026-Apr-05 12:43:15.229685
#3 transferring context: 115B done
2026-Apr-05 12:43:15.229685
#3 DONE 0.0s
2026-Apr-05 12:43:15.229685
2026-Apr-05 12:43:15.229685
#4 [internal] load build context
2026-Apr-05 12:43:15.229685
#4 DONE 0.0s
2026-Apr-05 12:43:15.229685
2026-Apr-05 12:43:15.229685
#5 [builder 2/5] WORKDIR /app
2026-Apr-05 12:43:15.229685
#5 CACHED
2026-Apr-05 12:43:15.229685
2026-Apr-05 12:43:15.229685
#6 [deps 1/5] FROM docker.io/library/node:22-alpine@sha256:4d64b49e6c891c8fc821007cb1cdc6c0db7773110ac2c34bf2e6960adef62ed3
2026-Apr-05 12:43:15.229685
#6 resolve docker.io/library/node:22-alpine@sha256:4d64b49e6c891c8fc821007cb1cdc6c0db7773110ac2c34bf2e6960adef62ed3 0.0s done
2026-Apr-05 12:43:15.229685
#6 CACHED
2026-Apr-05 12:43:15.229685
2026-Apr-05 12:43:15.229685
#4 [internal] load build context
2026-Apr-05 12:43:15.229685
#4 transferring context: 1.33MB 0.2s done
2026-Apr-05 12:43:15.229685
#4 DONE 0.4s
2026-Apr-05 12:43:15.229685
2026-Apr-05 12:43:15.229685
#7 [runner 3/7] RUN addgroup --system --gid 1001 nodejs
2026-Apr-05 12:43:15.229685
#7 DONE 0.4s
2026-Apr-05 12:43:15.229685
2026-Apr-05 12:43:15.229685
#8 [runner 4/7] RUN adduser --system --uid 1001 nextjs
2026-Apr-05 12:43:15.229685
#8 DONE 0.4s
2026-Apr-05 12:43:15.229685
2026-Apr-05 12:43:15.229685
#9 [deps 2/5] RUN apk add --no-cache libc6-compat
2026-Apr-05 12:43:15.229685
#9 1.149 (1/3) Installing musl-obstack (1.2.3-r2)
2026-Apr-05 12:43:15.229685
#9 1.157 (2/3) Installing libucontext (1.3.3-r0)
2026-Apr-05 12:43:15.229685
#9 1.161 (3/3) Installing gcompat (1.1.0-r4)
2026-Apr-05 12:43:15.229685
#9 1.173 OK: 11.0 MiB in 21 packages
2026-Apr-05 12:43:15.229685
#9 DONE 1.2s
2026-Apr-05 12:43:15.229685
2026-Apr-05 12:43:15.229685
#10 [deps 3/5] WORKDIR /app
2026-Apr-05 12:43:15.229685
#10 DONE 0.0s
2026-Apr-05 12:43:15.229685
2026-Apr-05 12:43:15.229685
#11 [deps 4/5] COPY package.json package-lock.json* ./
2026-Apr-05 12:43:15.229685
#11 DONE 0.1s
2026-Apr-05 12:43:15.229685
2026-Apr-05 12:43:15.229685
#12 [deps 5/5] RUN npm ci
2026-Apr-05 12:43:15.229685
#12 20.95
2026-Apr-05 12:43:15.229685
#12 20.95 > naxt-ecommerce@1.0.0 install
2026-Apr-05 12:43:15.229685
#12 20.95 > if [ "$npm_command" = "run-script" ]; then npm ci --include=dev; else echo "Skipping install lifecycle for npm $npm_command"; fi
2026-Apr-05 12:43:15.229685
#12 20.95
2026-Apr-05 12:43:15.229685
#12 20.97 Skipping install lifecycle for npm ci
2026-Apr-05 12:43:15.229685
#12 20.99
2026-Apr-05 12:43:15.229685
#12 20.99 added 223 packages, and audited 224 packages in 21s
2026-Apr-05 12:43:15.229685
#12 20.99
2026-Apr-05 12:43:15.229685
#12 20.99 39 packages are looking for funding
2026-Apr-05 12:43:15.229685
#12 20.99   run `npm fund` for details
2026-Apr-05 12:43:15.229685
#12 21.06
2026-Apr-05 12:43:15.229685
#12 21.06 4 vulnerabilities (1 moderate, 3 high)
2026-Apr-05 12:43:15.229685
#12 21.06
2026-Apr-05 12:43:15.229685
#12 21.06 To address all issues, run:
2026-Apr-05 12:43:15.229685
#12 21.06   npm audit fix
2026-Apr-05 12:43:15.229685
#12 21.06
2026-Apr-05 12:43:15.229685
#12 21.06 Run `npm audit` for details.
2026-Apr-05 12:43:15.229685
#12 21.06 npm notice
2026-Apr-05 12:43:15.229685
#12 21.06 npm notice New major version of npm available! 10.9.7 -> 11.12.1
2026-Apr-05 12:43:15.229685
#12 21.06 npm notice Changelog: https://github.com/npm/cli/releases/tag/v11.12.1
2026-Apr-05 12:43:15.229685
#12 21.06 npm notice To update run: npm install -g npm@11.12.1
2026-Apr-05 12:43:15.229685
#12 21.06 npm notice
2026-Apr-05 12:43:15.229685
#12 DONE 22.0s
2026-Apr-05 12:43:15.229685
2026-Apr-05 12:43:15.229685
#13 [builder 3/5] COPY --from=deps /app/node_modules ./node_modules
2026-Apr-05 12:43:15.229685
#13 CACHED
2026-Apr-05 12:43:15.229685
2026-Apr-05 12:43:15.229685
#14 [builder 4/5] COPY . .
2026-Apr-05 12:43:15.229685
#14 DONE 0.1s
2026-Apr-05 12:43:15.229685
2026-Apr-05 12:43:15.229685
#15 [builder 5/5] RUN npm run build
2026-Apr-05 12:43:15.229685
#15 0.866
2026-Apr-05 12:43:15.229685
#15 0.866 > naxt-ecommerce@1.0.0 build
2026-Apr-05 12:43:15.229685
#15 0.866 > next build
2026-Apr-05 12:43:15.229685
#15 0.866
2026-Apr-05 12:43:15.229685
#15 2.089    ▲ Next.js 15.5.12
2026-Apr-05 12:43:15.229685
#15 2.090    - Experiments (use with caution):
2026-Apr-05 12:43:15.229685
#15 2.090      · optimizePackageImports
2026-Apr-05 12:43:15.229685
#15 2.090
2026-Apr-05 12:43:15.229685
#15 2.140    Creating an optimized production build ...
2026-Apr-05 12:43:15.229685
#15 24.83 Failed to compile.
2026-Apr-05 12:43:15.229685
#15 24.83
2026-Apr-05 12:43:15.229685
#15 24.83 ./src/legacy/Pages/OrderSuccess.jsx
2026-Apr-05 12:43:15.229685
#15 24.83 Error:   x Expected ',', got ';'
2026-Apr-05 12:43:15.229685
#15 24.83      ,-[/app/src/legacy/Pages/OrderSuccess.jsx:140:1]
2026-Apr-05 12:43:15.229685
#15 24.83  137 |       // Fall back to state-based access if storage is unavailable.
2026-Apr-05 12:43:15.229685
#15 24.83  138 |       return true;
2026-Apr-05 12:43:15.229685
#15 24.83  139 |     }
2026-Apr-05 12:43:15.229685
#15 24.83  140 | };
2026-Apr-05 12:43:15.229685
#15 24.83      :  ^
2026-Apr-05 12:43:15.229685
#15 24.83  141 |
2026-Apr-05 12:43:15.229685
#15 24.83  142 | const OrderSuccess = () => {
2026-Apr-05 12:43:15.229685
#15 24.83  143 |     const location = useLocation();
2026-Apr-05 12:43:15.229685
#15 24.83      `----
2026-Apr-05 12:43:15.229685
#15 24.83
2026-Apr-05 12:43:15.229685
#15 24.83 Caused by:
2026-Apr-05 12:43:15.229685
#15 24.83     Syntax Error
2026-Apr-05 12:43:15.229685
#15 24.83
2026-Apr-05 12:43:15.229685
#15 24.83 Import trace for requested module:
2026-Apr-05 12:43:15.229685
#15 24.83 ./src/legacy/Pages/OrderSuccess.jsx
2026-Apr-05 12:43:15.229685
#15 24.83 ./src/legacy/router.jsx
2026-Apr-05 12:43:15.229685
#15 24.83 ./src/features/legacy/LegacyUserApp.jsx
2026-Apr-05 12:43:15.229685
#15 24.83 ./src/app/[[...slug]]/page.jsx
2026-Apr-05 12:43:15.229685
#15 24.83
2026-Apr-05 12:43:15.229685
#15 24.87
2026-Apr-05 12:43:15.229685
#15 24.87 > Build failed because of webpack errors
2026-Apr-05 12:43:15.229685
#15 24.90 npm notice
2026-Apr-05 12:43:15.229685
#15 24.90 npm notice New major version of npm available! 10.9.7 -> 11.12.1
2026-Apr-05 12:43:15.229685
#15 24.90 npm notice Changelog: https://github.com/npm/cli/releases/tag/v11.12.1
2026-Apr-05 12:43:15.229685
#15 24.90 npm notice To update run: npm install -g npm@11.12.1
2026-Apr-05 12:43:15.229685
#15 24.90 npm notice
2026-Apr-05 12:43:15.229685
#15 ERROR: process "/bin/sh -c npm run build" did not complete successfully: exit code: 1
2026-Apr-05 12:43:15.229685
------
2026-Apr-05 12:43:15.229685
> [builder 5/5] RUN npm run build:
2026-Apr-05 12:43:15.229685
24.83 ./src/features/legacy/LegacyUserApp.jsx
2026-Apr-05 12:43:15.229685
24.83 ./src/app/[[...slug]]/page.jsx
2026-Apr-05 12:43:15.229685
24.83
2026-Apr-05 12:43:15.229685
24.87
2026-Apr-05 12:43:15.229685
24.87 > Build failed because of webpack errors
2026-Apr-05 12:43:15.229685
24.90 npm notice
2026-Apr-05 12:43:15.229685
24.90 npm notice New major version of npm available! 10.9.7 -> 11.12.1
2026-Apr-05 12:43:15.229685
24.90 npm notice Changelog: https://github.com/npm/cli/releases/tag/v11.12.1
2026-Apr-05 12:43:15.229685
24.90 npm notice To update run: npm install -g npm@11.12.1
2026-Apr-05 12:43:15.229685
24.90 npm notice
2026-Apr-05 12:43:15.229685
------
2026-Apr-05 12:43:15.229685
2026-Apr-05 12:43:15.229685
5 warnings found (use docker --debug to expand):
2026-Apr-05 12:43:15.229685
- LegacyKeyValueFormat: "ENV key=value" should be used instead of legacy "ENV key value" format (line 85)
2026-Apr-05 12:43:15.229685
- LegacyKeyValueFormat: "ENV key=value" should be used instead of legacy "ENV key value" format (line 112)
2026-Apr-05 12:43:15.229685
- LegacyKeyValueFormat: "ENV key=value" should be used instead of legacy "ENV key value" format (line 113)
2026-Apr-05 12:43:15.229685
- LegacyKeyValueFormat: "ENV key=value" should be used instead of legacy "ENV key value" format (line 126)
2026-Apr-05 12:43:15.229685
- LegacyKeyValueFormat: "ENV key=value" should be used instead of legacy "ENV key value" format (line 127)
2026-Apr-05 12:43:15.229685
Dockerfile:88
2026-Apr-05 12:43:15.229685
--------------------
2026-Apr-05 12:43:15.229685
86 |
2026-Apr-05 12:43:15.229685
87 |     # Execute the standard build
2026-Apr-05 12:43:15.229685
88 | >>> RUN npm run build
2026-Apr-05 12:43:15.229685
89 |
2026-Apr-05 12:43:15.229685
90 |     # Stage 3: Production runner
2026-Apr-05 12:43:15.229685
--------------------
2026-Apr-05 12:43:15.229685
ERROR: failed to build: failed to solve: process "/bin/sh -c npm run build" did not complete successfully: exit code: 1
2026-Apr-05 12:43:15.229685
exit status 1
2026-Apr-05 12:43:15.321268
========================================
2026-Apr-05 12:43:15.331915
Deployment failed. Removing the new version of your appl